[INFO] Scanning for projects...
[INFO] 
[INFO] -------------------------< com.power:backend >--------------------------
[INFO] Building backend 0.0.1-SNAPSHOT
[INFO]   from pom.xml
[INFO] --------------------------------[ jar ]---------------------------------
[INFO] 
[INFO] --- resources:3.3.1:resources (default-resources) @ backend ---
[INFO] Copying 2 resources from src\main\resources to target\classes
[INFO] Copying 0 resource from src\main\resources to target\classes
[INFO] 
[INFO] --- compiler:3.11.0:compile (default-compile) @ backend ---
[INFO] Nothing to compile - all classes are up to date
[INFO] 
[INFO] --- resources:3.3.1:testResources (default-testResources) @ backend ---
[INFO] Copying 1 resource from src\test\resources to target\test-classes
[INFO] 
[INFO] --- compiler:3.11.0:testCompile (default-testCompile) @ backend ---
[INFO] Nothing to compile - all classes are up to date
[INFO] 
[INFO] --- surefire:3.1.2:test (default-test) @ backend ---
[INFO] Using auto detected provider org.apache.maven.surefire.junitplatform.JUnitPlatformProvider
[INFO] 
[INFO] -------------------------------------------------------
[INFO]  T E S T S
[INFO] -------------------------------------------------------
[INFO] Running com.power.backend.BackendApplicationTests
11:52:12.161 [main] INFO org.springframework.test.context.support.AnnotationConfigContextLoaderUtils -- Could not detect default configuration classes for test class [com.power.backend.BackendApplicationTests]: BackendApplicationTests does not declare any static, non-private, non-final, nested classes annotated with @Configuration.
11:52:12.294 [main] INFO org.springframework.boot.test.context.SpringBootTestContextBootstrapper -- Found @SpringBootConfiguration com.power.backend.BackendApplication for test class com.power.backend.BackendApplicationTests

  .   ____          _            __ _ _
 /\\ / ___'_ __ _ _(_)_ __  __ _ \ \ \ \
( ( )\___ | '_ | '_| | '_ \/ _` | \ \ \ \
 \\/  ___)| |_)| | | | | || (_| |  ) ) ) )
  '  |____| .__|_| |_|_| |_\__, | / / / /
 =========|_|==============|___/=/_/_/_/
 :: Spring Boot ::                (v3.2.1)

2026-01-20T11:52:12.864-03:00  INFO 47272 --- [           main] c.power.backend.BackendApplicationTests  : Starting BackendApplicationTests using Java 21.0.9 with PID 47272 (started by marti in C:\Users\marti\OneDrive\Desktop\power-backend)
2026-01-20T11:52:12.865-03:00  INFO 47272 --- [           main] c.power.backend.BackendApplicationTests  : No active profile set, falling back to 1 default profile: "default"
2026-01-20T11:52:14.121-03:00  INFO 47272 --- [           main] .s.d.r.c.RepositoryConfigurationDelegate : Bootstrapping Spring Data JPA repositories in DEFAULT mode.
2026-01-20T11:52:14.263-03:00  INFO 47272 --- [           main] .s.d.r.c.RepositoryConfigurationDelegate : Finished Spring Data repository scanning in 131 ms. Found 6 JPA repository interfaces.
2026-01-20T11:52:15.042-03:00  INFO 47272 --- [           main] o.hibernate.jpa.internal.util.LogHelper  : HHH000204: Processing PersistenceUnitInfo [name: default]
2026-01-20T11:52:15.211-03:00  INFO 47272 --- [           main] org.hibernate.Version                    : HHH000412: Hibernate ORM core version 6.4.1.Final
2026-01-20T11:52:15.295-03:00  INFO 47272 --- [           main] o.h.c.internal.RegionFactoryInitiator    : HHH000026: Second-level cache disabled
2026-01-20T11:52:15.773-03:00  INFO 47272 --- [           main] o.s.o.j.p.SpringPersistenceUnitInfo      : No LoadTimeWeaver setup: ignoring JPA class transformer
2026-01-20T11:52:15.871-03:00  INFO 47272 --- [           main] com.zaxxer.hikari.HikariDataSource       : HikariPool-1 - Starting...
2026-01-20T11:52:16.109-03:00  INFO 47272 --- [           main] com.zaxxer.hikari.pool.HikariPool        : HikariPool-1 - Added connection conn0: url=jdbc:h2:mem:testdb user=SA
2026-01-20T11:52:16.111-03:00  INFO 47272 --- [           main] com.zaxxer.hikari.HikariDataSource       : HikariPool-1 - Start completed.
2026-01-20T11:52:16.138-03:00  WARN 47272 --- [           main] org.hibernate.orm.deprecation            : HHH90000025: H2Dialect does not need to be specified explicitly using 'hibernate.dialect' (remove the property setting and it will be selected by default)
2026-01-20T11:52:17.660-03:00  INFO 47272 --- [           main] o.h.e.t.j.p.i.JtaPlatformInitiator       : HHH000489: No JTA platform available (set 'hibernate.transaction.jta.platform' to enable JTA platform integration)
Hibernate: drop table if exists categorias cascade 
Hibernate: drop table if exists direcciones cascade 
Hibernate: drop table if exists mensajes_contacto cascade 
Hibernate: drop table if exists ordenes cascade 
Hibernate: drop table if exists productos cascade 
Hibernate: drop table if exists usuarios cascade 
Hibernate: create table categorias (id_categoria integer generated by default as identity, nombre varchar(80) not null unique, descripcion varchar(255), primary key (id_categoria))
Hibernate: create table direcciones (es_principal boolean not null, id_direccion integer generated by default as identity, id_usuario integer not null, codigo_postal varchar(20), numero varchar(20) not null, ciudad varchar(80) not null, pais varchar(80) not null, region varchar(80) not null, calle varchar(120) not null, primary key (id_direccion))
Hibernate: create table mensajes_contacto (acepta_privacidad boolean not null, id_contacto integer generated by default as identity, id_usuario integer, fecha_envio timestamp(6), motivo varchar(100) not null, email varchar(120) not null, nombre varchar(120) not null, mensaje varchar(1000) not null, primary key (id_contacto))
Hibernate: create table ordenes (cantidad integer not null, id_direccion_envio integer, id_orden integer generated by default as identity, id_producto integer not null, id_usuario integer not null, precio_unitario numeric(10,2) not null, total numeric(10,2) not null, fecha_orden timestamp(6), estado varchar(50) not null, primary key (id_orden))
Hibernate: create table productos (activo boolean not null, es_destacado boolean not null, id_categoria integer not null, id_producto integer generated by default as identity, precio numeric(10,2) not null, stock integer not null, fecha_creacion timestamp(6), nombre varchar(120) not null, descripcion varchar(500), primary key (id_producto))
Hibernate: create table usuarios (activo boolean not null, id_usuario integer generated by default as identity, fecha_registro timestamp(6), apellido varchar(80) not null, nombre varchar(80) not null, hash_password varchar(100) not null, email varchar(120) not null unique, rol varchar(255) default 'USUARIO' not null check (rol in ('ADMIN','USUARIO')), primary key (id_usuario))
Hibernate: alter table if exists direcciones add constraint FKk9knhuryk5fsqnn5blyo4f57 foreign key (id_usuario) references usuarios
Hibernate: alter table if exists mensajes_contacto add constraint FKsgvnu17qbdfc1n8p739bvsn9s foreign key (id_usuario) references usuarios
Hibernate: alter table if exists ordenes add constraint FKk07ovpl86ilgidubup5r5i21c foreign key (id_direccion_envio) references direcciones
Hibernate: alter table if exists ordenes add constraint FK9ip10jx8prc6w78do2j4lmg2m foreign key (id_producto) references productos
Hibernate: alter table if exists ordenes add constraint FKd8lswiv90edntheuacavam69a foreign key (id_usuario) references usuarios
Hibernate: alter table if exists productos add constraint FKdtoa37luoxhhvbicrfiu5ygbj foreign key (id_categoria) references categorias
2026-01-20T11:52:17.758-03:00  INFO 47272 --- [           main] j.LocalContainerEntityManagerFactoryBean : Initialized JPA EntityManagerFactory for persistence unit 'default'
2026-01-20T11:52:19.351-03:00  WARN 47272 --- [           main] JpaBaseConfiguration$JpaWebConfiguration : spring.jpa.open-in-view is enabled by default. Therefore, database queries may be performed during view rendering. Explicitly configure spring.jpa.open-in-view to disable this warning
2026-01-20T11:52:19.906-03:00  INFO 47272 --- [           main] o.s.s.web.DefaultSecurityFilterChain     : Will secure any request with [org.springframework.security.web.session.DisableEncodeUrlFilter@139da216, org.springframework.security.web.context.request.async.WebAsyncManagerIntegrationFilter@6a35cccf, org.springframework.security.web.context.SecurityContextHolderFilter@a486851, org.springframework.security.web.header.HeaderWriterFilter@1e3c4c12, org.springframework.web.filter.CorsFilter@3ce067bd, org.springframework.security.web.authentication.logout.LogoutFilter@283595db, com.power.backend.security.jwt.JwtAuthenticationFilter@1f3f0d25, org.springframework.security.web.savedrequest.RequestCacheAwareFilter@1001b435, org.springframework.security.web.servletapi.SecurityContextHolderAwareRequestFilter@1dd4c691, org.springframework.security.web.authentication.AnonymousAuthenticationFilter@608b74f3, org.springframework.security.web.session.SessionManagementFilter@65a7bc80, org.springframework.security.web.access.ExceptionTranslationFilter@27ea7c8f, org.springframework.security.web.access.intercept.AuthorizationFilter@31f90517]
2026-01-20T11:52:20.567-03:00  INFO 47272 --- [           main] c.power.backend.BackendApplicationTests  : Started BackendApplicationTests in 8.065 seconds (process running for 9.234)
[INFO] Tests run: 1, Failures: 0, Errors: 0, Skipped: 0, Time elapsed: 9.483 s -- in com.power.backend.BackendApplicationTests
[INFO] Running com.power.backend.security.controller.AuthIntegrationTest
2026-01-20T11:52:21.456-03:00  INFO 47272 --- [           main] t.c.s.AnnotationConfigContextLoaderUtils : Could not detect default configuration classes for test class [com.power.backend.security.controller.AuthIntegrationTest]: AuthIntegrationTest does not declare any static, non-private, non-final, nested classes annotated with @Configuration.
2026-01-20T11:52:21.531-03:00  INFO 47272 --- [           main] .b.t.c.SpringBootTestContextBootstrapper : Found @SpringBootConfiguration com.power.backend.BackendApplication for test class com.power.backend.security.controller.AuthIntegrationTest

  .   ____          _            __ _ _
 /\\ / ___'_ __ _ _(_)_ __  __ _ \ \ \ \
( ( )\___ | '_ | '_| | '_ \/ _` | \ \ \ \
 \\/  ___)| |_)| | | | | || (_| |  ) ) ) )
  '  |____| .__|_| |_|_| |_\__, | / / / /
 =========|_|==============|___/=/_/_/_/
 :: Spring Boot ::                (v3.2.1)

2026-01-20T11:52:21.599-03:00  INFO 47272 --- [           main] c.p.b.s.controller.AuthIntegrationTest   : Starting AuthIntegrationTest using Java 21.0.9 with PID 47272 (started by marti in C:\Users\marti\OneDrive\Desktop\power-backend)
2026-01-20T11:52:21.600-03:00  INFO 47272 --- [           main] c.p.b.s.controller.AuthIntegrationTest   : The following 1 profile is active: "test"
2026-01-20T11:52:21.994-03:00  INFO 47272 --- [           main] .s.d.r.c.RepositoryConfigurationDelegate : Bootstrapping Spring Data JPA repositories in DEFAULT mode.
2026-01-20T11:52:22.058-03:00  INFO 47272 --- [           main] .s.d.r.c.RepositoryConfigurationDelegate : Finished Spring Data repository scanning in 62 ms. Found 6 JPA repository interfaces.
2026-01-20T11:52:22.216-03:00  INFO 47272 --- [           main] o.hibernate.jpa.internal.util.LogHelper  : HHH000204: Processing PersistenceUnitInfo [name: default]
2026-01-20T11:52:22.221-03:00  INFO 47272 --- [           main] o.h.c.internal.RegionFactoryInitiator    : HHH000026: Second-level cache disabled
2026-01-20T11:52:22.228-03:00  INFO 47272 --- [           main] o.s.o.j.p.SpringPersistenceUnitInfo      : No LoadTimeWeaver setup: ignoring JPA class transformer
2026-01-20T11:52:22.229-03:00  INFO 47272 --- [           main] com.zaxxer.hikari.HikariDataSource       : HikariPool-2 - Starting...
2026-01-20T11:52:22.231-03:00  INFO 47272 --- [           main] com.zaxxer.hikari.pool.HikariPool        : HikariPool-2 - Added connection conn10: url=jdbc:h2:mem:testdb user=SA
2026-01-20T11:52:22.231-03:00  INFO 47272 --- [           main] com.zaxxer.hikari.HikariDataSource       : HikariPool-2 - Start completed.
2026-01-20T11:52:22.231-03:00  WARN 47272 --- [           main] org.hibernate.orm.deprecation            : HHH90000025: H2Dialect does not need to be specified explicitly using 'hibernate.dialect' (remove the property setting and it will be selected by default)
2026-01-20T11:52:22.368-03:00  INFO 47272 --- [           main] o.h.e.t.j.p.i.JtaPlatformInitiator       : HHH000489: No JTA platform available (set 'hibernate.transaction.jta.platform' to enable JTA platform integration)
Hibernate: drop table if exists categorias cascade 
Hibernate: drop table if exists direcciones cascade 
Hibernate: drop table if exists mensajes_contacto cascade 
Hibernate: drop table if exists ordenes cascade 
Hibernate: drop table if exists productos cascade 
Hibernate: drop table if exists usuarios cascade 
Hibernate: create table categorias (id_categoria integer generated by default as identity, nombre varchar(80) not null unique, descripcion varchar(255), primary key (id_categoria))
Hibernate: create table direcciones (es_principal boolean not null, id_direccion integer generated by default as identity, id_usuario integer not null, codigo_postal varchar(20), numero varchar(20) not null, ciudad varchar(80) not null, pais varchar(80) not null, region varchar(80) not null, calle varchar(120) not null, primary key (id_direccion))
Hibernate: create table mensajes_contacto (acepta_privacidad boolean not null, id_contacto integer generated by default as identity, id_usuario integer, fecha_envio timestamp(6), motivo varchar(100) not null, email varchar(120) not null, nombre varchar(120) not null, mensaje varchar(1000) not null, primary key (id_contacto))
Hibernate: create table ordenes (cantidad integer not null, id_direccion_envio integer, id_orden integer generated by default as identity, id_producto integer not null, id_usuario integer not null, precio_unitario numeric(10,2) not null, total numeric(10,2) not null, fecha_orden timestamp(6), estado varchar(50) not null, primary key (id_orden))
Hibernate: create table productos (activo boolean not null, es_destacado boolean not null, id_categoria integer not null, id_producto integer generated by default as identity, precio numeric(10,2) not null, stock integer not null, fecha_creacion timestamp(6), nombre varchar(120) not null, descripcion varchar(500), primary key (id_producto))
Hibernate: create table usuarios (activo boolean not null, id_usuario integer generated by default as identity, fecha_registro timestamp(6), apellido varchar(80) not null, nombre varchar(80) not null, hash_password varchar(100) not null, email varchar(120) not null unique, rol varchar(255) default 'USUARIO' not null check (rol in ('ADMIN','USUARIO')), primary key (id_usuario))
Hibernate: alter table if exists direcciones add constraint FKk9knhuryk5fsqnn5blyo4f57 foreign key (id_usuario) references usuarios
Hibernate: alter table if exists mensajes_contacto add constraint FKsgvnu17qbdfc1n8p739bvsn9s foreign key (id_usuario) references usuarios
Hibernate: alter table if exists ordenes add constraint FKk07ovpl86ilgidubup5r5i21c foreign key (id_direccion_envio) references direcciones
Hibernate: alter table if exists ordenes add constraint FK9ip10jx8prc6w78do2j4lmg2m foreign key (id_producto) references productos
Hibernate: alter table if exists ordenes add constraint FKd8lswiv90edntheuacavam69a foreign key (id_usuario) references usuarios
Hibernate: alter table if exists productos add constraint FKdtoa37luoxhhvbicrfiu5ygbj foreign key (id_categoria) references categorias
2026-01-20T11:52:22.394-03:00  INFO 47272 --- [           main] j.LocalContainerEntityManagerFactoryBean : Initialized JPA EntityManagerFactory for persistence unit 'default'
2026-01-20T11:52:22.574-03:00  WARN 47272 --- [           main] JpaBaseConfiguration$JpaWebConfiguration : spring.jpa.open-in-view is enabled by default. Therefore, database queries may be performed during view rendering. Explicitly configure spring.jpa.open-in-view to disable this warning
2026-01-20T11:52:22.669-03:00  INFO 47272 --- [           main] o.s.s.web.DefaultSecurityFilterChain     : Will secure any request with [org.springframework.security.web.session.DisableEncodeUrlFilter@71e6bac0, org.springframework.security.web.context.request.async.WebAsyncManagerIntegrationFilter@4c33bf70, org.springframework.security.web.context.SecurityContextHolderFilter@7c4a7770, org.springframework.security.web.header.HeaderWriterFilter@510c6b9, org.springframework.web.filter.CorsFilter@5698a866, org.springframework.security.web.authentication.logout.LogoutFilter@21339b6f, com.power.backend.security.jwt.JwtAuthenticationFilter@73193fe0, org.springframework.security.web.savedrequest.RequestCacheAwareFilter@72117a6c, org.springframework.security.web.servletapi.SecurityContextHolderAwareRequestFilter@71b75f99, org.springframework.security.web.authentication.AnonymousAuthenticationFilter@1c6ab85, org.springframework.security.web.session.SessionManagementFilter@4c666872, org.springframework.security.web.access.ExceptionTranslationFilter@746f5752, org.springframework.security.web.access.intercept.AuthorizationFilter@13088030]
2026-01-20T11:52:22.867-03:00  INFO 47272 --- [           main] o.s.b.t.m.w.SpringBootMockServletContext : Initializing Spring TestDispatcherServlet ''
2026-01-20T11:52:22.868-03:00  INFO 47272 --- [           main] o.s.t.web.servlet.TestDispatcherServlet  : Initializing Servlet ''
2026-01-20T11:52:22.869-03:00  INFO 47272 --- [           main] o.s.t.web.servlet.TestDispatcherServlet  : Completed initialization in 1 ms
2026-01-20T11:52:22.882-03:00  INFO 47272 --- [           main] c.p.b.s.controller.AuthIntegrationTest   : Started AuthIntegrationTest in 1.342 seconds (process running for 11.549)
Hibernate: select u1_0.id_usuario from usuarios u1_0 where upper(u1_0.email)=upper(?) fetch first ? rows only
Hibernate: insert into usuarios (activo,apellido,email,fecha_registro,hash_password,nombre,rol,id_usuario) values (?,?,?,?,?,?,?,default)
Hibernate: select u1_0.id_usuario,u1_0.activo,u1_0.apellido,u1_0.email,u1_0.fecha_registro,u1_0.hash_password,u1_0.nombre,u1_0.rol from usuarios u1_0 where upper(u1_0.email)=upper(?)
Hibernate: select u1_0.id_usuario from usuarios u1_0 where upper(u1_0.email)=upper(?) fetch first ? rows only
Hibernate: insert into usuarios (activo,apellido,email,fecha_registro,hash_password,nombre,rol,id_usuario) values (?,?,?,?,?,?,?,default)
Hibernate: select u1_0.id_usuario,u1_0.activo,u1_0.apellido,u1_0.email,u1_0.fecha_registro,u1_0.hash_password,u1_0.nombre,u1_0.rol from usuarios u1_0 where upper(u1_0.email)=upper(?)

MockHttpServletRequest:
      HTTP Method = POST
      Request URI = /auth/login
       Parameters = {}
          Headers = [Content-Type:"application/json;charset=UTF-8", Content-Length:"60"]
             Body = {"email":"wrongpass@example.com","password":"wrongpassword"}
    Session Attrs = {}

Handler:
             Type = com.power.backend.security.controller.AuthController
           Method = com.power.backend.security.controller.AuthController#login(AuthRequest)

Async:
    Async started = false
     Async result = null

Resolved Exception:
             Type = org.springframework.security.authentication.BadCredentialsException

ModelAndView:
        View name = null
             View = null
            Model = null

FlashMap:
       Attributes = null

MockHttpServletResponse:
           Status = 500
    Error message = null
          Headers = [Vary:"Origin", "Access-Control-Request-Method", "Access-Control-Request-Headers", Content-Type:"application/json", X-Content-Type-Options:"nosniff", X-XSS-Protection:"0", Cache-Control:"no-cache, no-store, max-age=0, must-revalidate", Pragma:"no-cache", Expires:"0", X-Frame-Options:"DENY"]
     Content type = application/json
             Body = {"error":"Internal Server Error","message":"Bad credentials","timestamp":"2026-01-20T11:52:23.8954097"}
    Forwarded URL = null
   Redirected URL = null
          Cookies = []

MockHttpServletRequest:
      HTTP Method = POST
      Request URI = /auth/register
       Parameters = {}
          Headers = [Content-Type:"application/json;charset=UTF-8", Content-Length:"105"]
             Body = {"nombre":"WrongPassUser","apellido":"TestLast","email":"wrongpass@example.com","password":"password123"}
    Session Attrs = {}

Handler:
             Type = com.power.backend.security.controller.AuthController
           Method = com.power.backend.security.controller.AuthController#register(RegisterRequest)

Async:
    Async started = false
     Async result = null

Resolved Exception:
             Type = null

ModelAndView:
        View name = null
             View = null
            Model = null

FlashMap:
       Attributes = null

MockHttpServletResponse:
           Status = 201
    Error message = null
          Headers = [Vary:"Origin", "Access-Control-Request-Method", "Access-Control-Request-Headers", Content-Type:"application/json", X-Content-Type-Options:"nosniff", X-XSS-Protection:"0", Cache-Control:"no-cache, no-store, max-age=0, must-revalidate", Pragma:"no-cache", Expires:"0", X-Frame-Options:"DENY"]
     Content type = application/json
             Body = {"idUsuario":2,"nombre":"WrongPassUser","email":"wrongpass@example.com","rol":"USUARIO","token":"eyJhbGciOiJIUzI1NiJ9.eyJzdWIiOiJ3cm9uZ3Bhc3NAZXhhbXBsZS5jb20iLCJpYXQiOjE3Njg5MjA3NDMsImV4cCI6MTc2OTAwNzE0M30.x2WSslot17aP8QyGkVevrcKcXbjiIqJq2u7MW7yUAbg"}
    Forwarded URL = null
   Redirected URL = null
          Cookies = []

MockHttpServletRequest:
      HTTP Method = POST
      Request URI = /auth/login
       Parameters = {}
          Headers = [Content-Type:"application/json;charset=UTF-8", Content-Length:"60"]
             Body = {"email":"wrongpass@example.com","password":"wrongpassword"}
    Session Attrs = {}

Handler:
             Type = com.power.backend.security.controller.AuthController
           Method = com.power.backend.security.controller.AuthController#login(AuthRequest)

Async:
    Async started = false
     Async result = null

Resolved Exception:
             Type = org.springframework.security.authentication.BadCredentialsException

ModelAndView:
        View name = null
             View = null
            Model = null

FlashMap:
       Attributes = null

MockHttpServletResponse:
           Status = 500
    Error message = null
          Headers = [Vary:"Origin", "Access-Control-Request-Method", "Access-Control-Request-Headers", Content-Type:"application/json", X-Content-Type-Options:"nosniff", X-XSS-Protection:"0", Cache-Control:"no-cache, no-store, max-age=0, must-revalidate", Pragma:"no-cache", Expires:"0", X-Frame-Options:"DENY"]
     Content type = application/json
             Body = {"error":"Internal Server Error","message":"Bad credentials","timestamp":"2026-01-20T11:52:23.8954097"}
    Forwarded URL = null
   Redirected URL = null
          Cookies = []
[ERROR] Tests run: 2, Failures: 1, Errors: 0, Skipped: 0, Time elapsed: 2.461 s <<< FAILURE! -- in com.power.backend.security.controller.AuthIntegrationTest
[ERROR] com.power.backend.security.controller.AuthIntegrationTest.shouldFailLoginWithWrongPassword -- Time elapsed: 0.159 s <<< FAILURE!
java.lang.AssertionError: Range for response status value 500 expected:<CLIENT_ERROR> but was:<SERVER_ERROR>
	at org.springframework.test.util.AssertionErrors.fail(AssertionErrors.java:59)
	at org.springframework.test.util.AssertionErrors.assertEquals(AssertionErrors.java:122)
	at org.springframework.test.web.servlet.result.StatusResultMatchers.lambda$is4xxClientError$5(StatusResultMatchers.java:95)
	at org.springframework.test.web.servlet.MockMvc$1.andExpect(MockMvc.java:214)
	at com.power.backend.security.controller.AuthIntegrationTest.shouldFailLoginWithWrongPassword(AuthIntegrationTest.java:82)
	at java.base/java.lang.reflect.Method.invoke(Method.java:580)
	at java.base/java.util.ArrayList.forEach(ArrayList.java:1596)
	at java.base/java.util.ArrayList.forEach(ArrayList.java:1596)

[INFO] 
[INFO] Results:
[INFO] 
[ERROR] Failures: 
[ERROR]   AuthIntegrationTest.shouldFailLoginWithWrongPassword:82 Range for response status value 500 expected:<CLIENT_ERROR> but was:<SERVER_ERROR>
[INFO] 
[ERROR] Tests run: 3, Failures: 1, Errors: 0, Skipped: 0
[INFO] 
[INFO] ------------------------------------------------------------------------
[INFO] BUILD FAILURE
[INFO] ------------------------------------------------------------------------
[INFO] Total time:  15.654 s
[INFO] Finished at: 2026-01-20T11:52:24-03:00
[INFO] ------------------------------------------------------------------------
[ERROR] Failed to execute goal org.apache.maven.plugins:maven-surefire-plugin:3.1.2:test (default-test) on project backend: There are test failures.
[ERROR] 
[ERROR] Please refer to C:\Users\marti\OneDrive\Desktop\power-backend\target\surefire-reports for the individual test results.
[ERROR] Please refer to dump files (if any exist) [date].dump, [date]-jvmRun[N].dump and [date].dumpstream.
[ERROR] -> [Help 1]
[ERROR] 
[ERROR] To see the full stack trace of the errors, re-run Maven with the -e switch.
[ERROR] Re-run Maven using the -X switch to enable full debug logging.
[ERROR] 
[ERROR] For more information about the errors and possible solutions, please read the following articles:
[ERROR] [Help 1] http://cwiki.apache.org/confluence/display/MAVEN/MojoFailureException
